Archive member included to satisfy reference by file (symbol)

c:/program files (x86)/atmel/studio/7.0/toolchain/avr8/avr8-gnu-toolchain/bin/../lib/gcc/avr/5.4.0/../../../../avr/lib/avr5\libm.a(addsf3.o)
                              AM2320_temperature_humidity/AM2320_temperature_humidity.o (__addsf3)
c:/program files (x86)/atmel/studio/7.0/toolchain/avr8/avr8-gnu-toolchain/bin/../lib/gcc/avr/5.4.0/../../../../avr/lib/avr5\libm.a(addsf3x.o)
                              c:/program files (x86)/atmel/studio/7.0/toolchain/avr8/avr8-gnu-toolchain/bin/../lib/gcc/avr/5.4.0/../../../../avr/lib/avr5\libm.a(addsf3.o) (__addsf3x)
c:/program files (x86)/atmel/studio/7.0/toolchain/avr8/avr8-gnu-toolchain/bin/../lib/gcc/avr/5.4.0/../../../../avr/lib/avr5\libm.a(cmpsf2.o)
                              main.o (__ltsf2)
c:/program files (x86)/atmel/studio/7.0/toolchain/avr8/avr8-gnu-toolchain/bin/../lib/gcc/avr/5.4.0/../../../../avr/lib/avr5\libm.a(divsf3.o)
                              AM2320_temperature_humidity/AM2320_temperature_humidity.o (__divsf3)
c:/program files (x86)/atmel/studio/7.0/toolchain/avr8/avr8-gnu-toolchain/bin/../lib/gcc/avr/5.4.0/../../../../avr/lib/avr5\libm.a(divsf3x.o)
                              c:/program files (x86)/atmel/studio/7.0/toolchain/avr8/avr8-gnu-toolchain/bin/../lib/gcc/avr/5.4.0/../../../../avr/lib/avr5\libm.a(divsf3.o) (__divsf3x)
c:/program files (x86)/atmel/studio/7.0/toolchain/avr8/avr8-gnu-toolchain/bin/../lib/gcc/avr/5.4.0/../../../../avr/lib/avr5\libm.a(floatsisf.o)
                              AM2320_temperature_humidity/AM2320_temperature_humidity.o (__floatunsisf)
c:/program files (x86)/atmel/studio/7.0/toolchain/avr8/avr8-gnu-toolchain/bin/../lib/gcc/avr/5.4.0/../../../../avr/lib/avr5\libm.a(fp_cmp.o)
                              c:/program files (x86)/atmel/studio/7.0/toolchain/avr8/avr8-gnu-toolchain/bin/../lib/gcc/avr/5.4.0/../../../../avr/lib/avr5\libm.a(cmpsf2.o) (__fp_cmp)
c:/program files (x86)/atmel/studio/7.0/toolchain/avr8/avr8-gnu-toolchain/bin/../lib/gcc/avr/5.4.0/../../../../avr/lib/avr5\libm.a(fp_inf.o)
                              c:/program files (x86)/atmel/studio/7.0/toolchain/avr8/avr8-gnu-toolchain/bin/../lib/gcc/avr/5.4.0/../../../../avr/lib/avr5\libm.a(addsf3x.o) (__fp_inf)
c:/program files (x86)/atmel/studio/7.0/toolchain/avr8/avr8-gnu-toolchain/bin/../lib/gcc/avr/5.4.0/../../../../avr/lib/avr5\libm.a(fp_nan.o)
                              c:/program files (x86)/atmel/studio/7.0/toolchain/avr8/avr8-gnu-toolchain/bin/../lib/gcc/avr/5.4.0/../../../../avr/lib/avr5\libm.a(addsf3x.o) (__fp_nan)
c:/program files (x86)/atmel/studio/7.0/toolchain/avr8/avr8-gnu-toolchain/bin/../lib/gcc/avr/5.4.0/../../../../avr/lib/avr5\libm.a(fp_pscA.o)
                              c:/program files (x86)/atmel/studio/7.0/toolchain/avr8/avr8-gnu-toolchain/bin/../lib/gcc/avr/5.4.0/../../../../avr/lib/avr5\libm.a(addsf3x.o) (__fp_pscA)
c:/program files (x86)/atmel/studio/7.0/toolchain/avr8/avr8-gnu-toolchain/bin/../lib/gcc/avr/5.4.0/../../../../avr/lib/avr5\libm.a(fp_pscB.o)
                              c:/program files (x86)/atmel/studio/7.0/toolchain/avr8/avr8-gnu-toolchain/bin/../lib/gcc/avr/5.4.0/../../../../avr/lib/avr5\libm.a(addsf3x.o) (__fp_pscB)
c:/program files (x86)/atmel/studio/7.0/toolchain/avr8/avr8-gnu-toolchain/bin/../lib/gcc/avr/5.4.0/../../../../avr/lib/avr5\libm.a(fp_round.o)
                              c:/program files (x86)/atmel/studio/7.0/toolchain/avr8/avr8-gnu-toolchain/bin/../lib/gcc/avr/5.4.0/../../../../avr/lib/avr5\libm.a(addsf3.o) (__fp_round)
c:/program files (x86)/atmel/studio/7.0/toolchain/avr8/avr8-gnu-toolchain/bin/../lib/gcc/avr/5.4.0/../../../../avr/lib/avr5\libm.a(fp_split3.o)
                              c:/program files (x86)/atmel/studio/7.0/toolchain/avr8/avr8-gnu-toolchain/bin/../lib/gcc/avr/5.4.0/../../../../avr/lib/avr5\libm.a(addsf3x.o) (__fp_split3)
c:/program files (x86)/atmel/studio/7.0/toolchain/avr8/avr8-gnu-toolchain/bin/../lib/gcc/avr/5.4.0/../../../../avr/lib/avr5\libm.a(fp_zero.o)
                              c:/program files (x86)/atmel/studio/7.0/toolchain/avr8/avr8-gnu-toolchain/bin/../lib/gcc/avr/5.4.0/../../../../avr/lib/avr5\libm.a(addsf3x.o) (__fp_zero)
c:/program files (x86)/atmel/studio/7.0/toolchain/avr8/avr8-gnu-toolchain/bin/../lib/gcc/avr/5.4.0/../../../../avr/lib/avr5\libm.a(gesf2.o)
                              main.o (__gtsf2)
c:/program files (x86)/atmel/studio/7.0/toolchain/avr8/avr8-gnu-toolchain/bin/../lib/gcc/avr/5.4.0/../../../../avr/lib/avr5\libm.a(mulsf3.o)
                              AM2320_temperature_humidity/AM2320_temperature_humidity.o (__mulsf3)
c:/program files (x86)/atmel/studio/7.0/toolchain/avr8/avr8-gnu-toolchain/bin/../lib/gcc/avr/5.4.0/../../../../avr/lib/avr5\libm.a(mulsf3x.o)
                              c:/program files (x86)/atmel/studio/7.0/toolchain/avr8/avr8-gnu-toolchain/bin/../lib/gcc/avr/5.4.0/../../../../avr/lib/avr5\libm.a(mulsf3.o) (__mulsf3x)
[...]
Memory Configuration

Name             Origin             Length             Attributes
text             0x00000000         0x00008000         xr
data             0x00800100         0x00000800         rw !x
eeprom           0x00810000         0x00000400         rw !x
fuse             0x00820000         0x00000003         rw !x
lock             0x00830000         0x00000400         rw !x
signature        0x00840000         0x00000400         rw !x
user_signatures  0x00850000         0x00000400         rw !x
*default*        0x00000000         0xffffffff

Linker script and memory map

Address of section .data set to 0x800100
LOAD C:/Program Files (x86)/Atmel/Studio/7.0/Packs/atmel/ATmega_DFP/1.7.374/gcc/dev/atmega328p/avr5/crtatmega328p.o
LOAD ADXL343_accelerometer/ADXL343.o
LOAD AM2320_temperature_humidity/AM2320_temperature_humidity.o
LOAD Atmega328p_SPI/Atmega328p_SPI.o
LOAD Atmega328p_USART/Atmega328p_USART.o
LOAD main.o
LOAD MCP7940M_RTCC/MCP7940M.o
LOAD pFleury_i2c_stuff/twimastertimeout.o
LOAD SH1106_OLED/SH1106.o
LOAD timer0_1ms_interrupts/timer0_1ms_interrupts.o
START GROUP
LOAD c:/program files (x86)/atmel/studio/7.0/toolchain/avr8/avr8-gnu-toolchain/bin/../lib/gcc/avr/5.4.0/../../../../avr/lib/avr5\libm.a
END GROUP
START GROUP
LOAD c:/program files (x86)/atmel/studio/7.0/toolchain/avr8/avr8-gnu-toolchain/bin/../lib/gcc/avr/5.4.0/avr5\libgcc.a
LOAD c:/program files (x86)/atmel/studio/7.0/toolchain/avr8/avr8-gnu-toolchain/bin/../lib/gcc/avr/5.4.0/../../../../avr/lib/avr5\libm.a
LOAD c:/program files (x86)/atmel/studio/7.0/toolchain/avr8/avr8-gnu-toolchain/bin/../lib/gcc/avr/5.4.0/../../../../avr/lib/avr5\libc.a
LOAD C:/Program Files (x86)/Atmel/Studio/7.0/Packs/atmel/ATmega_DFP/1.7.374/gcc/dev/atmega328p/avr5\libatmega328p.a
END GROUP
                0x00000000                __TEXT_REGION_ORIGIN__ = DEFINED (__TEXT_REGION_ORIGIN__)?__TEXT_REGION_ORIGIN__:0x0
                [0x00800100]                __DATA_REGION_ORIGIN__ = DEFINED (__DATA_REGION_ORIGIN__)?__DATA_REGION_ORIGIN__:0x800060
                [0x00008000]                __TEXT_REGION_LENGTH__ = DEFINED (__TEXT_REGION_LENGTH__)?__TEXT_REGION_LENGTH__:0x20000
                [0x00000800]                __DATA_REGION_LENGTH__ = DEFINED (__DATA_REGION_LENGTH__)?__DATA_REGION_LENGTH__:0xffa0
                [0x00000400]                __EEPROM_REGION_LENGTH__ = DEFINED (__EEPROM_REGION_LENGTH__)?__EEPROM_REGION_LENGTH__:0x10000
                [0x00000003]                __FUSE_REGION_LENGTH__ = DEFINED (__FUSE_REGION_LENGTH__)?__FUSE_REGION_LENGTH__:0x400
                0x00000400                __LOCK_REGION_LENGTH__ = DEFINED (__LOCK_REGION_LENGTH__)?__LOCK_REGION_LENGTH__:0x400
                0x00000400                __SIGNATURE_REGION_LENGTH__ = DEFINED (__SIGNATURE_REGION_LENGTH__)?__SIGNATURE_REGION_LENGTH__:0x400
                0x00000400                __USER_SIGNATURE_REGION_LENGTH__ = DEFINED (__USER_SIGNATURE_REGION_LENGTH__)?__USER_SIGNATURE_REGION_LENGTH__:0x400

.hash
 *(.hash)

.dynsym
 *(.dynsym)

.dynstr
 *(.dynstr)

.gnu.version
 *(.gnu.version)

.gnu.version_d
 *(.gnu.version_d)

.gnu.version_r
 *(.gnu.version_r)

.rel.init
 *(.rel.init)

.rela.init
 *(.rela.init)

.rel.text
 *(.rel.text)
 *(.rel.text.*)
 *(.rel.gnu.linkonce.t*)

.rela.text
 *(.rela.text)
 *(.rela.text.*)
 *(.rela.gnu.linkonce.t*)

.rel.fini
 *(.rel.fini)

.rela.fini
 *(.rela.fini)

.rel.rodata
 *(.rel.rodata)
 *(.rel.rodata.*)
 *(.rel.gnu.linkonce.r*)

.rela.rodata
 *(.rela.rodata)
 *(.rela.rodata.*)
 *(.rela.gnu.linkonce.r*)

.rel.data
 *(.rel.data)
 *(.rel.data.*)
 *(.rel.gnu.linkonce.d*)

.rela.data
 *(.rela.data)
 *(.rela.data.*)
 *(.rela.gnu.linkonce.d*)

.rel.ctors
 *(.rel.ctors)

.rela.ctors
 *(.rela.ctors)

.rel.dtors
 *(.rel.dtors)

.rela.dtors
 *(.rela.dtors)

.rel.got
 *(.rel.got)

.rela.got
 *(.rela.got)

.rel.bss
 *(.rel.bss)

.rela.bss
 *(.rela.bss)

.rel.plt
 *(.rel.plt)

.rela.plt
 *(.rela.plt)

.text           0x00000000     0x2f22
 *(.vectors)
 .vectors       0x00000000       0x68 C:/Program Files (x86)/Atmel/Studio/7.0/Packs/atmel/ATmega_DFP/1.7.374/gcc/dev/atmega328p/avr5/crtatmega328p.o
                0x00000000                __vector_default
                0x00000000                __vectors
 *(.vectors)
 *(.progmem.gcc*)
                0x00000068                . = ALIGN (0x2)
                0x00000068                __trampolines_start = .
 *(.trampolines)
 .trampolines   0x00000068        0x0 linker stubs
 *(.trampolines*)
                0x00000068                __trampolines_end = .
 *libprintf_flt.a:*(.progmem.data)
 *libc.a:*(.progmem.data)
 *(.progmem*)
 .progmem.data.alarmBellIconUnarmed
                0x00000068       0x48 main.o
                0x00000068                alarmBellIconUnarmed
 .progmem.data.FONT_25_Y_OFFSET
                0x000000b0        0xa SH1106_OLED/SH1106.o
                0x000000b0                FONT_25_Y_OFFSET
 .progmem.data.FONT_25_WIDTHS
                0x000000ba        0xa SH1106_OLED/SH1106.o
                0x000000ba                FONT_25_WIDTHS
 .progmem.data.FONT_25
                0x000000c4       0x14 SH1106_OLED/SH1106.o
                0x000000c4                FONT_25
 .progmem.data.NINE_25
                0x000000d8       0x32 SH1106_OLED/SH1106.o
                0x000000d8                NINE_25
 .progmem.data.EIGHT_25
                0x0000010a       0x32 SH1106_OLED/SH1106.o
                0x0000010a                EIGHT_25
 .progmem.data.SEVEN_25
                0x0000013c       0x32 SH1106_OLED/SH1106.o
                0x0000013c                SEVEN_25
 .progmem.data.SIX_25
                0x0000016e       0x32 SH1106_OLED/SH1106.o
                0x0000016e                SIX_25
 .progmem.data.FIVE_25
                0x000001a0       0x32 SH1106_OLED/SH1106.o
                0x000001a0                FIVE_25
 .progmem.data.FOUR_25
                0x000001d2       0x32 SH1106_OLED/SH1106.o
                0x000001d2                FOUR_25
 .progmem.data.THREE_25
                0x00000204       0x32 SH1106_OLED/SH1106.o
                0x00000204                THREE_25
 .progmem.data.TWO_25
                0x00000236       0x32 SH1106_OLED/SH1106.o
                0x00000236                TWO_25
 .progmem.data.ONE_25
                0x00000268       0x32 SH1106_OLED/SH1106.o
                0x00000268                ONE_25
 .progmem.data.ZERO_25
                0x0000029a       0x32 SH1106_OLED/SH1106.o
                0x0000029a                ZERO_25
 .progmem.data.FONT_20_Y_OFFSET
                0x000002cc        0xa SH1106_OLED/SH1106.o
                0x000002cc                FONT_20_Y_OFFSET
 .progmem.data.FONT_20_WIDTHS
                0x000002d6        0xa SH1106_OLED/SH1106.o
                0x000002d6                FONT_20_WIDTHS
 .progmem.data.FONT_20
                0x000002e0       0x14 SH1106_OLED/SH1106.o
                0x000002e0                FONT_20
 .progmem.data.NINE_20
                0x000002f4       0x28 SH1106_OLED/SH1106.o
                0x000002f4                NINE_20
 .progmem.data.EIGHT_20
                0x0000031c       0x28 SH1106_OLED/SH1106.o
                0x0000031c                EIGHT_20
 .progmem.data.SEVEN_20
                0x00000344       0x28 SH1106_OLED/SH1106.o
                0x00000344                SEVEN_20
 .progmem.data.SIX_20
                0x0000036c       0x28 SH1106_OLED/SH1106.o
                0x0000036c                SIX_20
 .progmem.data.FIVE_20
                0x00000394       0x28 SH1106_OLED/SH1106.o
                0x00000394                FIVE_20
 .progmem.data.FOUR_20
                0x000003bc       0x28 SH1106_OLED/SH1106.o
                0x000003bc                FOUR_20
 .progmem.data.THREE_20
                0x000003e4       0x28 SH1106_OLED/SH1106.o
                0x000003e4                THREE_20
 .progmem.data.TWO_20
                0x0000040c       0x28 SH1106_OLED/SH1106.o
                0x0000040c                TWO_20
 .progmem.data.ONE_20
                0x00000434       0x28 SH1106_OLED/SH1106.o
                0x00000434                ONE_20
 .progmem.data.ZERO_20
                0x0000045c       0x28 SH1106_OLED/SH1106.o
                0x0000045c                ZERO_20
 .progmem.data.FONT_16_Y_OFFSET
                0x00000484       0x51 SH1106_OLED/SH1106.o
                0x00000484                FONT_16_Y_OFFSET
 .progmem.data.FONT_16_WIDTHS
                0x000004d5       0x51 SH1106_OLED/SH1106.o
                0x000004d5                FONT_16_WIDTHS
 .progmem.data.FONT_16
                0x00000526       0xa2 SH1106_OLED/SH1106.o
                0x00000526                FONT_16
 .progmem.data.DEGREES_FAHRENHEIT_16
                0x000005c8       0x30 SH1106_OLED/SH1106.o
                0x000005c8                DEGREES_FAHRENHEIT_16
 .progmem.data.DEGREES_CELSIUS_16
                0x000005f8       0x30 SH1106_OLED/SH1106.o
                0x000005f8                DEGREES_CELSIUS_16
 .progmem.data.QUESTION_16
                0x00000628       0x20 SH1106_OLED/SH1106.o
                0x00000628                QUESTION_16
 .progmem.data.EQUALS_16
                0x00000648       0x20 SH1106_OLED/SH1106.o
                0x00000648                EQUALS_16
 .progmem.data.SEMI_COLON_16
                0x00000668       0x10 SH1106_OLED/SH1106.o
                0x00000668                SEMI_COLON_16
 .progmem.data.COLON_16
                0x00000678       0x10 SH1106_OLED/SH1106.o
                0x00000678                COLON_16
 .progmem.data.FORWARD_SLASH_16
                0x00000688       0x10 SH1106_OLED/SH1106.o
                0x00000688                FORWARD_SLASH_16
 .progmem.data.FULL_STOP_16
                0x00000698       0x10 SH1106_OLED/SH1106.o
                0x00000698                FULL_STOP_16
 .progmem.data.MINUS_16
                0x000006a8       0x20 SH1106_OLED/SH1106.o
                0x000006a8                MINUS_16
 .progmem.data.COMMA_16
                0x000006c8       0x10 SH1106_OLED/SH1106.o
                0x000006c8                COMMA_16
 .progmem.data.PLUS_16
                0x000006d8       0x20 SH1106_OLED/SH1106.o
                0x000006d8                PLUS_16
 .progmem.data.CLOSE_BRACKET_16
                0x000006f8       0x10 SH1106_OLED/SH1106.o
                0x000006f8                CLOSE_BRACKET_16
 .progmem.data.OPEN_BRACKET_16
                0x00000708       0x10 SH1106_OLED/SH1106.o
                0x00000708                OPEN_BRACKET_16
 .progmem.data.SINGLE_QUOTE_16
                0x00000718       0x10 SH1106_OLED/SH1106.o
                0x00000718                SINGLE_QUOTE_16
 .progmem.data.PERCENT_16
                0x00000728       0x20 SH1106_OLED/SH1106.o
                0x00000728                PERCENT_16
 .progmem.data.DOLLAR_16
                0x00000748       0x20 SH1106_OLED/SH1106.o
                0x00000748                DOLLAR_16
 .progmem.data.HASHTAG_16
                0x00000768       0x20 SH1106_OLED/SH1106.o
                0x00000768                HASHTAG_16
 .progmem.data.DOUBLE_QUOTE_16
                0x00000788       0x10 SH1106_OLED/SH1106.o
                0x00000788                DOUBLE_QUOTE_16
 .progmem.data.EXCLAMATION_16
                0x00000798       0x10 SH1106_OLED/SH1106.o
                0x00000798                EXCLAMATION_16
 .progmem.data.NINE_16
                0x000007a8       0x20 SH1106_OLED/SH1106.o
                0x000007a8                NINE_16
 .progmem.data.EIGHT_16
                0x000007c8       0x20 SH1106_OLED/SH1106.o
                0x000007c8                EIGHT_16
 .progmem.data.SEVEN_16
                0x000007e8       0x20 SH1106_OLED/SH1106.o
                0x000007e8                SEVEN_16
 .progmem.data.SIX_16
                0x00000808       0x20 SH1106_OLED/SH1106.o
                0x00000808                SIX_16
 .progmem.data.FIVE_16
                0x00000828       0x20 SH1106_OLED/SH1106.o
                0x00000828                FIVE_16
 .progmem.data.FOUR_16
                0x00000848       0x20 SH1106_OLED/SH1106.o
                0x00000848                FOUR_16
 .progmem.data.THREE_16
                0x00000868       0x20 SH1106_OLED/SH1106.o
                0x00000868                THREE_16
 .progmem.data.TWO_16
                0x00000888       0x20 SH1106_OLED/SH1106.o
                0x00000888                TWO_16
 .progmem.data.ONE_16
                0x000008a8       0x20 SH1106_OLED/SH1106.o
                0x000008a8                ONE_16
 .progmem.data.ZERO_16
                0x000008c8       0x20 SH1106_OLED/SH1106.o
                0x000008c8                ZERO_16
 .progmem.data.z_16
                0x000008e8       0x10 SH1106_OLED/SH1106.o
                0x000008e8                z_16
 .progmem.data.y_16
                0x000008f8       0x20 SH1106_OLED/SH1106.o
                0x000008f8                y_16
 .progmem.data.x_16
                0x00000918       0x20 SH1106_OLED/SH1106.o
                0x00000918                x_16
 .progmem.data.w_16
                0x00000938       0x20 SH1106_OLED/SH1106.o
                0x00000938                w_16
 .progmem.data.v_16
                0x00000958       0x20 SH1106_OLED/SH1106.o
                0x00000958                v_16
 .progmem.data.u_16
                0x00000978       0x20 SH1106_OLED/SH1106.o
                0x00000978                u_16
 .progmem.data.t_16
                0x00000998       0x10 SH1106_OLED/SH1106.o
                0x00000998                t_16
 .progmem.data.s_16
                0x000009a8       0x20 SH1106_OLED/SH1106.o
                0x000009a8                s_16
 .progmem.data.r_16
                0x000009c8       0x10 SH1106_OLED/SH1106.o
                0x000009c8                r_16
 .progmem.data.q_16
                0x000009d8       0x20 SH1106_OLED/SH1106.o
                0x000009d8                q_16
 .progmem.data.p_16
                0x000009f8       0x20 SH1106_OLED/SH1106.o
                0x000009f8                p_16
 .progmem.data.o_16
                0x00000a18       0x20 SH1106_OLED/SH1106.o
                0x00000a18                o_16
 .progmem.data.n_16
                0x00000a38       0x20 SH1106_OLED/SH1106.o
                0x00000a38                n_16
 .progmem.data.m_16
                0x00000a58       0x20 SH1106_OLED/SH1106.o
                0x00000a58                m_16
 .progmem.data.l_16
                0x00000a78       0x10 SH1106_OLED/SH1106.o
                0x00000a78                l_16
 .progmem.data.k_16
                0x00000a88       0x20 SH1106_OLED/SH1106.o
                0x00000a88                k_16
 .progmem.data.j_16
                0x00000aa8       0x10 SH1106_OLED/SH1106.o
                0x00000aa8                j_16
 .progmem.data.i_16
                0x00000ab8       0x10 SH1106_OLED/SH1106.o
                0x00000ab8                i_16
 .progmem.data.h_16
                0x00000ac8       0x20 SH1106_OLED/SH1106.o
                0x00000ac8                h_16
 .progmem.data.g_16
                0x00000ae8       0x20 SH1106_OLED/SH1106.o
                0x00000ae8                g_16
 .progmem.data.f_16
                0x00000b08       0x10 SH1106_OLED/SH1106.o
                0x00000b08                f_16
 .progmem.data.e_16
                0x00000b18       0x20 SH1106_OLED/SH1106.o
                0x00000b18                e_16
 .progmem.data.d_16
                0x00000b38       0x20 SH1106_OLED/SH1106.o
                0x00000b38                d_16
 .progmem.data.c_16
                0x00000b58       0x20 SH1106_OLED/SH1106.o
                0x00000b58                c_16
 .progmem.data.b_16
                0x00000b78       0x20 SH1106_OLED/SH1106.o
                0x00000b78                b_16
 .progmem.data.a_16
                0x00000b98       0x20 SH1106_OLED/SH1106.o
                0x00000b98                a_16
 .progmem.data.Z_16
                0x00000bb8       0x20 SH1106_OLED/SH1106.o
                0x00000bb8                Z_16
 .progmem.data.Y_16
                0x00000bd8       0x20 SH1106_OLED/SH1106.o
                0x00000bd8                Y_16
 .progmem.data.X_16
                0x00000bf8       0x20 SH1106_OLED/SH1106.o
                0x00000bf8                X_16
 .progmem.data.W_16
                0x00000c18       0x20 SH1106_OLED/SH1106.o
                0x00000c18                W_16
 .progmem.data.V_16
                0x00000c38       0x20 SH1106_OLED/SH1106.o
                0x00000c38                V_16
 .progmem.data.U_16
                0x00000c58       0x20 SH1106_OLED/SH1106.o
                0x00000c58                U_16
 .progmem.data.T_16
                0x00000c78       0x20 SH1106_OLED/SH1106.o
                0x00000c78                T_16
 .progmem.data.S_16
                0x00000c98       0x20 SH1106_OLED/SH1106.o
                0x00000c98                S_16
 .progmem.data.R_16
                0x00000cb8       0x20 SH1106_OLED/SH1106.o
                0x00000cb8                R_16
 .progmem.data.Q_16
                0x00000cd8       0x20 SH1106_OLED/SH1106.o
                0x00000cd8                Q_16
 .progmem.data.P_16
                0x00000cf8       0x20 SH1106_OLED/SH1106.o
                0x00000cf8                P_16
 .progmem.data.O_16
                0x00000d18       0x20 SH1106_OLED/SH1106.o
                0x00000d18                O_16
 .progmem.data.N_16
                0x00000d38       0x20 SH1106_OLED/SH1106.o
                0x00000d38                N_16
 .progmem.data.M_16
                0x00000d58       0x20 SH1106_OLED/SH1106.o
                0x00000d58                M_16
 .progmem.data.L_16
                0x00000d78       0x20 SH1106_OLED/SH1106.o
                0x00000d78                L_16
 .progmem.data.K_16
                0x00000d98       0x20 SH1106_OLED/SH1106.o
                0x00000d98                K_16
 .progmem.data.J_16
                0x00000db8       0x20 SH1106_OLED/SH1106.o
                0x00000db8                J_16
 .progmem.data.I_16
                0x00000dd8       0x20 SH1106_OLED/SH1106.o
                0x00000dd8                I_16
 .progmem.data.H_16
                0x00000df8       0x20 SH1106_OLED/SH1106.o
                0x00000df8                H_16
 .progmem.data.G_16
                0x00000e18       0x20 SH1106_OLED/SH1106.o
                0x00000e18                G_16
 .progmem.data.F_16
                0x00000e38       0x20 SH1106_OLED/SH1106.o
                0x00000e38                F_16
 .progmem.data.E_16
                0x00000e58       0x20 SH1106_OLED/SH1106.o
                0x00000e58                E_16
 .progmem.data.D_16
                0x00000e78       0x20 SH1106_OLED/SH1106.o
                0x00000e78                D_16
 .progmem.data.C_16
                0x00000e98       0x20 SH1106_OLED/SH1106.o
                0x00000e98                C_16
 .progmem.data.B_16
                0x00000eb8       0x20 SH1106_OLED/SH1106.o
                0x00000eb8                B_16
 .progmem.data.A_16
                0x00000ed8       0x20 SH1106_OLED/SH1106.o
                0x00000ed8                A_16
 .progmem.data.FONT_8_Y_OFFSET
                0x00000ef8       0x51 SH1106_OLED/SH1106.o
                0x00000ef8                FONT_8_Y_OFFSET
 .progmem.data.FONT_8_WIDTHS
                0x00000f49       0x51 SH1106_OLED/SH1106.o
                0x00000f49                FONT_8_WIDTHS
 .progmem.data.FONT_8
                0x00000f9a       0xa2 SH1106_OLED/SH1106.o
                0x00000f9a                FONT_8
 .progmem.data.DEGREES_FAHRENHEIT_8
                0x0000103c       0x10 SH1106_OLED/SH1106.o
                0x0000103c                DEGREES_FAHRENHEIT_8
 .progmem.data.DEGREES_CELSIUS_8
                0x0000104c       0x10 SH1106_OLED/SH1106.o
                0x0000104c                DEGREES_CELSIUS_8
 .progmem.data.QUESTION_8
                0x0000105c        0x8 SH1106_OLED/SH1106.o
                0x0000105c                QUESTION_8
 .progmem.data.EQUALS_8
                0x00001064        0x8 SH1106_OLED/SH1106.o
                0x00001064                EQUALS_8
 .progmem.data.SEMI_COLON_8
                0x0000106c        0x8 SH1106_OLED/SH1106.o
                0x0000106c                SEMI_COLON_8
 .progmem.data.COLON_8
                0x00001074        0x8 SH1106_OLED/SH1106.o
                0x00001074                COLON_8
 .progmem.data.FORWARD_SLASH_8
                0x0000107c        0x8 SH1106_OLED/SH1106.o
                0x0000107c                FORWARD_SLASH_8
 .progmem.data.FULL_STOP_8
                0x00001084        0x8 SH1106_OLED/SH1106.o
                0x00001084                FULL_STOP_8
 .progmem.data.MINUS_8
                0x0000108c        0x8 SH1106_OLED/SH1106.o
                0x0000108c                MINUS_8
 .progmem.data.COMMA_8
                0x00001094        0x8 SH1106_OLED/SH1106.o
                0x00001094                COMMA_8
 .progmem.data.PLUS_8
                0x0000109c        0x8 SH1106_OLED/SH1106.o
                0x0000109c                PLUS_8
 .progmem.data.CLOSE_BRACKET_8
                0x000010a4        0x8 SH1106_OLED/SH1106.o
                0x000010a4                CLOSE_BRACKET_8
 .progmem.data.OPEN_BRACKET_8
                0x000010ac        0x8 SH1106_OLED/SH1106.o
                0x000010ac                OPEN_BRACKET_8
 .progmem.data.SINGLE_QUOTE_8
                0x000010b4        0x8 SH1106_OLED/SH1106.o
                0x000010b4                SINGLE_QUOTE_8
 .progmem.data.PERCENT_8
                0x000010bc        0x8 SH1106_OLED/SH1106.o
                0x000010bc                PERCENT_8
 .progmem.data.DOLLAR_8
                0x000010c4        0x8 SH1106_OLED/SH1106.o
                0x000010c4                DOLLAR_8
 .progmem.data.HASHTAG_8
                0x000010cc        0x8 SH1106_OLED/SH1106.o
                0x000010cc                HASHTAG_8
 .progmem.data.DOUBLE_QUOTE_8
                0x000010d4        0x8 SH1106_OLED/SH1106.o
                0x000010d4                DOUBLE_QUOTE_8
 .progmem.data.EXCLAMATION_8
                0x000010dc        0x8 SH1106_OLED/SH1106.o
                0x000010dc                EXCLAMATION_8
 .progmem.data.NINE_8
                0x000010e4        0x8 SH1106_OLED/SH1106.o
                0x000010e4                NINE_8
 .progmem.data.EIGHT_8
                0x000010ec        0x8 SH1106_OLED/SH1106.o
                0x000010ec                EIGHT_8
 .progmem.data.SEVEN_8
                0x000010f4        0x8 SH1106_OLED/SH1106.o
                0x000010f4                SEVEN_8
 .progmem.data.SIX_8
                0x000010fc        0x8 SH1106_OLED/SH1106.o
                0x000010fc                SIX_8
 .progmem.data.FIVE_8
                0x00001104        0x8 SH1106_OLED/SH1106.o
                0x00001104                FIVE_8
 .progmem.data.FOUR_8
                0x0000110c        0x8 SH1106_OLED/SH1106.o
                0x0000110c                FOUR_8
 .progmem.data.THREE_8
                0x00001114        0x8 SH1106_OLED/SH1106.o
                0x00001114                THREE_8
 .progmem.data.TWO_8
                0x0000111c        0x8 SH1106_OLED/SH1106.o
                0x0000111c                TWO_8
 .progmem.data.ONE_8
                0x00001124        0x8 SH1106_OLED/SH1106.o
                0x00001124                ONE_8
 .progmem.data.ZERO_8
                0x0000112c        0x8 SH1106_OLED/SH1106.o
                0x0000112c                ZERO_8
 .progmem.data.z_8
                0x00001134        0x8 SH1106_OLED/SH1106.o
                0x00001134                z_8
 .progmem.data.y_8
                0x0000113c        0x8 SH1106_OLED/SH1106.o
                0x0000113c                y_8
 .progmem.data.x_8
                0x00001144        0x8 SH1106_OLED/SH1106.o
                0x00001144                x_8
 .progmem.data.w_8
                0x0000114c        0x8 SH1106_OLED/SH1106.o
                0x0000114c                w_8
 .progmem.data.v_8
                0x00001154        0x8 SH1106_OLED/SH1106.o
                0x00001154                v_8
 .progmem.data.u_8
                0x0000115c        0x8 SH1106_OLED/SH1106.o
                0x0000115c                u_8
 .progmem.data.t_8
                0x00001164        0x8 SH1106_OLED/SH1106.o
                0x00001164                t_8
 .progmem.data.s_8
                0x0000116c        0x8 SH1106_OLED/SH1106.o
                0x0000116c                s_8
 .progmem.data.r_8
                0x00001174        0x8 SH1106_OLED/SH1106.o
                0x00001174                r_8
 .progmem.data.q_8
                0x0000117c        0x8 SH1106_OLED/SH1106.o
                0x0000117c                q_8
 .progmem.data.p_8
                0x00001184        0x8 SH1106_OLED/SH1106.o
                0x00001184                p_8
 .progmem.data.o_8
                0x0000118c        0x8 SH1106_OLED/SH1106.o
                0x0000118c                o_8
 .progmem.data.n_8
                0x00001194        0x8 SH1106_OLED/SH1106.o
                0x00001194                n_8
 .progmem.data.m_8
                0x0000119c        0x8 SH1106_OLED/SH1106.o
                0x0000119c                m_8
 .progmem.data.l_8
                0x000011a4        0x8 SH1106_OLED/SH1106.o
                0x000011a4                l_8
 .progmem.data.k_8
                0x000011ac        0x8 SH1106_OLED/SH1106.o
                0x000011ac                k_8
 .progmem.data.j_8
                0x000011b4        0x8 SH1106_OLED/SH1106.o
                0x000011b4                j_8
 .progmem.data.i_8
                0x000011bc        0x8 SH1106_OLED/SH1106.o
                0x000011bc                i_8
 .progmem.data.h_8
                0x000011c4        0x8 SH1106_OLED/SH1106.o
                0x000011c4                h_8
 .progmem.data.g_8
                0x000011cc        0x8 SH1106_OLED/SH1106.o
                0x000011cc                g_8
 .progmem.data.f_8
                0x000011d4        0x8 SH1106_OLED/SH1106.o
                0x000011d4                f_8
 .progmem.data.e_8
                0x000011dc        0x8 SH1106_OLED/SH1106.o
                0x000011dc                e_8
 .progmem.data.d_8
                0x000011e4        0x8 SH1106_OLED/SH1106.o
                0x000011e4                d_8
 .progmem.data.c_8
                0x000011ec        0x8 SH1106_OLED/SH1106.o
                0x000011ec                c_8
 .progmem.data.b_8
                0x000011f4        0x8 SH1106_OLED/SH1106.o
                0x000011f4                b_8
 .progmem.data.a_8
                0x000011fc        0x8 SH1106_OLED/SH1106.o
                0x000011fc                a_8
 .progmem.data.Z_8
                0x00001204        0x8 SH1106_OLED/SH1106.o
                0x00001204                Z_8
 .progmem.data.Y_8
                0x0000120c        0x8 SH1106_OLED/SH1106.o
                0x0000120c                Y_8
 .progmem.data.X_8
                0x00001214        0x8 SH1106_OLED/SH1106.o
                0x00001214                X_8
 .progmem.data.W_8
                0x0000121c        0x8 SH1106_OLED/SH1106.o
                0x0000121c                W_8
 .progmem.data.V_8
                0x00001224        0x8 SH1106_OLED/SH1106.o
                0x00001224                V_8
 .progmem.data.U_8
                0x0000122c        0x8 SH1106_OLED/SH1106.o
                0x0000122c                U_8
 .progmem.data.T_8
                0x00001234        0x8 SH1106_OLED/SH1106.o
                0x00001234                T_8
 .progmem.data.S_8
                0x0000123c        0x8 SH1106_OLED/SH1106.o
                0x0000123c                S_8
 .progmem.data.R_8
                0x00001244        0x8 SH1106_OLED/SH1106.o
                0x00001244                R_8
 .progmem.data.Q_8
                0x0000124c        0x8 SH1106_OLED/SH1106.o
                0x0000124c                Q_8
 .progmem.data.P_8
                0x00001254        0x8 SH1106_OLED/SH1106.o
                0x00001254                P_8
 .progmem.data.O_8
                0x0000125c        0x8 SH1106_OLED/SH1106.o
                0x0000125c                O_8
 .progmem.data.N_8
                0x00001264        0x8 SH1106_OLED/SH1106.o
                0x00001264                N_8
 .progmem.data.M_8
                0x0000126c        0x8 SH1106_OLED/SH1106.o
                0x0000126c                M_8
 .progmem.data.L_8
                0x00001274        0x8 SH1106_OLED/SH1106.o
                0x00001274                L_8
 .progmem.data.K_8
                0x0000127c        0x8 SH1106_OLED/SH1106.o
                0x0000127c                K_8
 .progmem.data.J_8
                0x00001284        0x8 SH1106_OLED/SH1106.o
                0x00001284                J_8
 .progmem.data.I_8
                0x0000128c        0x8 SH1106_OLED/SH1106.o
                0x0000128c                I_8
 .progmem.data.H_8
                0x00001294        0x8 SH1106_OLED/SH1106.o
                0x00001294                H_8
 .progmem.data.G_8
                0x0000129c        0x8 SH1106_OLED/SH1106.o
                0x0000129c                G_8
 .progmem.data.F_8
                0x000012a4        0x8 SH1106_OLED/SH1106.o
                0x000012a4                F_8
 .progmem.data.E_8
                0x000012ac        0x8 SH1106_OLED/SH1106.o
                0x000012ac                E_8
 .progmem.data.D_8
                0x000012b4        0x8 SH1106_OLED/SH1106.o
                0x000012b4                D_8
 .progmem.data.C_8
                0x000012bc        0x8 SH1106_OLED/SH1106.o
                0x000012bc                C_8
 .progmem.data.B_8
                0x000012c4        0x8 SH1106_OLED/SH1106.o
                0x000012c4                B_8
 .progmem.data.A_8
                0x000012cc        0x8 SH1106_OLED/SH1106.o
                0x000012cc                A_8
                0x000012d4                . = ALIGN (0x2)
 *(.jumptables)
 *(.jumptables*)
 *(.lowtext)
 *(.lowtext*)
                0x000012d4                __ctors_start = .
 *(.ctors)
                0x000012d4                __ctors_end = .
                0x000012d4                __dtors_start = .
 *(.dtors)
                0x000012d4                __dtors_end = .
 SORT(*)(.ctors)
 SORT(*)(.dtors)
 *(.init0)
 .init0         0x000012d4        0x0 C:/Program Files (x86)/Atmel/Studio/7.0/Packs/atmel/ATmega_DFP/1.7.374/gcc/dev/atmega328p/avr5/crtatmega328p.o
                0x000012d4                __init
 *(.init0)
 *(.init1)
 *(.init1)
 *(.init2)
 .init2         0x000012d4        0xc C:/Program Files (x86)/Atmel/Studio/7.0/Packs/atmel/ATmega_DFP/1.7.374/gcc/dev/atmega328p/avr5/crtatmega328p.o
 *(.init2)
 *(.init3)
 *(.init3)
 *(.init4)
 .init4         0x000012e0       0x16 c:/program files (x86)/atmel/studio/7.0/toolchain/avr8/avr8-gnu-toolchain/bin/../lib/gcc/avr/5.4.0/avr5\libgcc.a(_copy_data.o)
                0x000012e0                __do_copy_data
 .init4         0x000012f6       0x10 c:/program files (x86)/atmel/studio/7.0/toolchain/avr8/avr8-gnu-toolchain/bin/../lib/gcc/avr/5.4.0/avr5\libgcc.a(_clear_bss.o)
                0x000012f6                __do_clear_bss
 *(.init4)
 *(.init5)
 *(.init5)
 *(.init6)
 *(.init6)
 *(.init7)
 *(.init7)
 *(.init8)
 *(.init8)
 *(.init9)
 .init9         0x00001306        0x8 C:/Program Files (x86)/Atmel/Studio/7.0/Packs/atmel/ATmega_DFP/1.7.374/gcc/dev/atmega328p/avr5/crtatmega328p.o
 *(.init9)
 *(.text)
 .text          0x0000130e        0x4 C:/Program Files (x86)/Atmel/Studio/7.0/Packs/atmel/ATmega_DFP/1.7.374/gcc/dev/atmega328p/avr5/crtatmega328p.o
                0x0000130e                __vector_22
                0x0000130e                __vector_1
                0x0000130e                __vector_24
                0x0000130e                __vector_12
                0x0000130e                __bad_interrupt
                0x0000130e                __vector_6
                0x0000130e                __vector_3
                0x0000130e                __vector_23
                0x0000130e                __vector_25
                0x0000130e                __vector_11
                0x0000130e                __vector_13
                0x0000130e                __vector_17
                0x0000130e                __vector_19
                0x0000130e                __vector_7
                0x0000130e                __vector_5
                0x0000130e                __vector_4
                0x0000130e                __vector_9
                0x0000130e                __vector_2
                0x0000130e                __vector_21
                0x0000130e                __vector_15
                0x0000130e                __vector_8
                0x0000130e                __vector_10
                0x0000130e                __vector_16
                0x0000130e                __vector_20
                0x00001312                . = ALIGN (0x2)
 *(.text.*)
 .text.ADXL343_setup_axis_read
                0x00001312       0x76 ADXL343_accelerometer/ADXL343.o
                0x00001312                ADXL343_setup_axis_read
 .text.ADXL343_update_axis_readings
                0x00001388       0xa8 ADXL343_accelerometer/ADXL343.o
                0x00001388                ADXL343_update_axis_readings
 .text.ADXL343_get_x_axis_int
                0x00001430       0x12 ADXL343_accelerometer/ADXL343.o
                0x00001430                ADXL343_get_x_axis_int
 .text.ADXL343_get_y_axis_int
                0x00001442       0x12 ADXL343_accelerometer/ADXL343.o
                0x00001442                ADXL343_get_y_axis_int
 .text.ADXL343_get_z_axis_int
                0x00001454       0x12 ADXL343_accelerometer/ADXL343.o
                0x00001454                ADXL343_get_z_axis_int
 .text.A328p_set_SS
                0x00001466       0x1a Atmega328p_SPI/Atmega328p_SPI.o
                0x00001466                A328p_set_SS
 .text.A328p_SPI_init
                0x00001480       0x32 Atmega328p_SPI/Atmega328p_SPI.o
                0x00001480                A328p_SPI_init
 .text.USART_init
                0x000014b2       0x1e Atmega328p_USART/Atmega328p_USART.o
                0x000014b2                USART_init
 .text.__vector_18
                0x000014d0       0x14 Atmega328p_USART/Atmega328p_USART.o
                0x000014d0                __vector_18
 .text.hardware_init
                0x000014e4       0x20 main.o
                0x000014e4                hardware_init
 .text.current_orientation
                0x00001504       0xc6 main.o
                0x00001504                current_orientation
 .text.display_date_and_time
                0x000015ca       0xae main.o
                0x000015ca                display_date_and_time
 .text.update_ADXL_data
                0x00001678       0x78 main.o
                0x00001678                update_ADXL_data
 .text.initialise_current_and_previous_times
                0x000016f0       0x4c main.o
                0x000016f0                initialise_current_and_previous_times
 .text.main     0x0000173c       0xda main.o
                0x0000173c                main
 .text.RTC_init
                0x00001816       0x18 MCP7940M_RTCC/MCP7940M.o
                0x00001816                RTC_init
 .text.RTC_read_multiple_register
                0x0000182e       0x70 MCP7940M_RTCC/MCP7940M.o
                0x0000182e                RTC_read_multiple_register
 .text.RTC_write_register
                0x0000189e       0x24 MCP7940M_RTCC/MCP7940M.o
                0x0000189e                RTC_write_register
 .text.RTC_set_time
                0x000018c2       0x28 MCP7940M_RTCC/MCP7940M.o
                0x000018c2                RTC_set_time
 .text.RTC_update_current_time
                0x000018ea       0x8a MCP7940M_RTCC/MCP7940M.o
                0x000018ea                RTC_update_current_time
 .text.RTC_get_time_hour_string
                0x00001974       0x96 MCP7940M_RTCC/MCP7940M.o
                0x00001974                RTC_get_time_hour_string
 .text.RTC_get_time_min_string
                0x00001a0a       0x96 MCP7940M_RTCC/MCP7940M.o
                0x00001a0a                RTC_get_time_min_string
 .text.RTC_get_time_sec_string
                0x00001aa0       0x96 MCP7940M_RTCC/MCP7940M.o
                0x00001aa0                RTC_get_time_sec_string
 .text.i2c_init
                0x00001b36        0xc pFleury_i2c_stuff/twimastertimeout.o
                0x00001b36                i2c_init
 .text.i2c_start
                0x00001b42       0xb8 pFleury_i2c_stuff/twimastertimeout.o
                0x00001b42                i2c_start
 .text.i2c_start_wait
                0x00001bfa       0xbc pFleury_i2c_stuff/twimastertimeout.o
                0x00001bfa                i2c_start_wait
 .text.i2c_rep_start
                0x00001cb6        0x6 pFleury_i2c_stuff/twimastertimeout.o
                0x00001cb6                i2c_rep_start
 .text.i2c_stop
                0x00001cbc       0x32 pFleury_i2c_stuff/twimastertimeout.o
                0x00001cbc                i2c_stop
 .text.i2c_write
                0x00001cee       0x56 pFleury_i2c_stuff/twimastertimeout.o
                0x00001cee                i2c_write
 .text.i2c_readAck
                0x00001d44       0x46 pFleury_i2c_stuff/twimastertimeout.o
                0x00001d44                i2c_readAck
 .text.i2c_readNak
                0x00001d8a       0x46 pFleury_i2c_stuff/twimastertimeout.o
                0x00001d8a                i2c_readNak
 .text.OLED_single_command
                0x00001dd0       0x1e SH1106_OLED/SH1106.o
                0x00001dd0                OLED_single_command
 .text.OLED_multiple_command
                0x00001dee       0x3c SH1106_OLED/SH1106.o
                0x00001dee                OLED_multiple_command
 .text.OLED_init
                0x00001e2a       0x42 SH1106_OLED/SH1106.o
                0x00001e2a                OLED_init
 .text.OLED_clear_buffer
                0x00001e6c       0x28 SH1106_OLED/SH1106.o
                0x00001e6c                OLED_clear_buffer
 .text.OLED_send_byte
                0x00001e94       0x1e SH1106_OLED/SH1106.o
                0x00001e94                OLED_send_byte
 .text.OLED_display_buffer
                0x00001eb2       0x60 SH1106_OLED/SH1106.o
                0x00001eb2                OLED_display_buffer
 .text.OLED_set_pixel
                0x00001f12       0x48 SH1106_OLED/SH1106.o
                0x00001f12                OLED_set_pixel
 .text.bitread  0x00001f5a       0x2a SH1106_OLED/SH1106.o
                0x00001f5a                bitread
 .text.OLED_draw_xbm
                0x00001f84      0x14e SH1106_OLED/SH1106.o
                0x00001f84                OLED_draw_xbm
 .text.OLED_xbm_font_8_to_buffer
                0x000020d2      0x1ba SH1106_OLED/SH1106.o
                0x000020d2                OLED_xbm_font_8_to_buffer
 .text.OLED_xbm_font_16_to_buffer
                0x0000228c      0x1ba SH1106_OLED/SH1106.o
                0x0000228c                OLED_xbm_font_16_to_buffer
 .text.OLED_xbm_font_20_to_buffer
                0x00002446       0xfe SH1106_OLED/SH1106.o
                0x00002446                OLED_xbm_font_20_to_buffer
 .text.OLED_xbm_font_25_to_buffer
                0x00002544       0xfe SH1106_OLED/SH1106.o
                0x00002544                OLED_xbm_font_25_to_buffer
 .text.OLED_draw_string
                0x00002642       0x42 SH1106_OLED/SH1106.o
                0x00002642                OLED_draw_string
 .text.OLED_draw_horizontal_line
                0x00002684       0x24 SH1106_OLED/SH1106.o
                0x00002684                OLED_draw_horizontal_line
 .text.OLED_draw_vertical_line
                0x000026a8       0x24 SH1106_OLED/SH1106.o
                0x000026a8                OLED_draw_vertical_line
 .text.OLED_draw_rectangle
                0x000026cc       0x7a SH1106_OLED/SH1106.o
                0x000026cc                OLED_draw_rectangle
 .text.timer0_init
                0x00002746       0x30 timer0_1ms_interrupts/timer0_1ms_interrupts.o
                0x00002746                timer0_init
 .text.timer0_get_current_time
                0x00002776       0x2c timer0_1ms_interrupts/timer0_1ms_interrupts.o
                0x00002776                timer0_get_current_time
 .text.__vector_14
                0x000027a2       0x4a timer0_1ms_interrupts/timer0_1ms_interrupts.o
                0x000027a2                __vector_14
 .text.avr-libc.fplib
                0x000027ec        0xa c:/program files (x86)/atmel/studio/7.0/toolchain/avr8/avr8-gnu-toolchain/bin/../lib/gcc/avr/5.4.0/../../../../avr/lib/avr5\libm.a(cmpsf2.o)
                0x000027ec                __nesf2
                0x000027ec                __eqsf2
                0x000027ec                __cmpsf2
                0x000027ec                __ltsf2
                0x000027ec                __lesf2
 .text.avr-libc.fplib
                0x000027f6       0x7a c:/program files (x86)/atmel/studio/7.0/toolchain/avr8/avr8-gnu-toolchain/bin/../lib/gcc/avr/5.4.0/../../../../avr/lib/avr5\libm.a(floatsisf.o)
                0x000027f6                __floatunsisf
                0x000027fa                __floatsisf
 .text.avr-libc.fplib
                0x00002870       0x48 c:/program files (x86)/atmel/studio/7.0/toolchain/avr8/avr8-gnu-toolchain/bin/../lib/gcc/avr/5.4.0/../../../../avr/lib/avr5\libm.a(fp_cmp.o)
                0x00002870                __fp_cmp
 .text.avr-libc.fplib
                0x000028b8        0xa c:/program files (x86)/atmel/studio/7.0/toolchain/avr8/avr8-gnu-toolchain/bin/../lib/gcc/avr/5.4.0/../../../../avr/lib/avr5\libm.a(gesf2.o)
                0x000028b8                __gesf2
                0x000028b8                __gtsf2
 .text.libgcc.div
                0x000028c2       0x28 c:/program files (x86)/atmel/studio/7.0/toolchain/avr8/avr8-gnu-toolchain/bin/../lib/gcc/avr/5.4.0/avr5\libgcc.a(_udivmodhi4.o)
                0x000028c2                __udivmodhi4
 .text.libgcc.div
                0x000028ea       0x44 c:/program files (x86)/atmel/studio/7.0/toolchain/avr8/avr8-gnu-toolchain/bin/../lib/gcc/avr/5.4.0/avr5\libgcc.a(_udivmodsi4.o)
                0x000028ea                __udivmodsi4
 .text.avr-libc
                0x0000292e       0x60 c:/program files (x86)/atmel/studio/7.0/toolchain/avr8/avr8-gnu-toolchain/bin/../lib/gcc/avr/5.4.0/../../../../avr/lib/avr5\libc.a(snprintf.o)
                0x0000292e                snprintf
 .text.avr-libc
                0x0000298e      0x3c2 c:/program files (x86)/atmel/studio/7.0/toolchain/avr8/avr8-gnu-toolchain/bin/../lib/gcc/avr/5.4.0/../../../../avr/lib/avr5\libc.a(vfprintf_std.o)
                0x0000298e                vfprintf
 .text.avr-libc
                0x00002d50       0x16 c:/program files (x86)/atmel/studio/7.0/toolchain/avr8/avr8-gnu-toolchain/bin/../lib/gcc/avr/5.4.0/../../../../avr/lib/avr5\libc.a(strnlen_P.o)
                0x00002d50                strnlen_P
 .text.avr-libc
                0x00002d66       0x16 c:/program files (x86)/atmel/studio/7.0/toolchain/avr8/avr8-gnu-toolchain/bin/../lib/gcc/avr/5.4.0/../../../../avr/lib/avr5\libc.a(strnlen.o)
                0x00002d66                strnlen
 .text.avr-libc
                0x00002d7c       0x78 c:/program files (x86)/atmel/studio/7.0/toolchain/avr8/avr8-gnu-toolchain/bin/../lib/gcc/avr/5.4.0/../../../../avr/lib/avr5\libc.a(fputc.o)
                0x00002d7c                fputc
 .text.avr-libc
                0x00002df4       0xbc c:/program files (x86)/atmel/studio/7.0/toolchain/avr8/avr8-gnu-toolchain/bin/../lib/gcc/avr/5.4.0/../../../../avr/lib/avr5\libc.a(ultoa_invert.o)
                0x00002df4                __ultoa_invert
 .text.libgcc.prologue
                0x00002eb0       0x38 c:/program files (x86)/atmel/studio/7.0/toolchain/avr8/avr8-gnu-toolchain/bin/../lib/gcc/avr/5.4.0/avr5\libgcc.a(_prologue.o)
                0x00002eb0                __prologue_saves__
 .text.libgcc.prologue
                0x00002ee8       0x36 c:/program files (x86)/atmel/studio/7.0/toolchain/avr8/avr8-gnu-toolchain/bin/../lib/gcc/avr/5.4.0/avr5\libgcc.a(_epilogue.o)
                0x00002ee8                __epilogue_restores__
                0x00002f1e                . = ALIGN (0x2)
 *(.fini9)
 .fini9         0x00002f1e        0x0 c:/program files (x86)/atmel/studio/7.0/toolchain/avr8/avr8-gnu-toolchain/bin/../lib/gcc/avr/5.4.0/avr5\libgcc.a(_exit.o)
                0x00002f1e                _exit
                0x00002f1e                exit
 *(.fini9)
 *(.fini8)
 *(.fini8)
 *(.fini7)
 *(.fini7)
 *(.fini6)
 *(.fini6)
 *(.fini5)
 *(.fini5)
 *(.fini4)
 *(.fini4)
 *(.fini3)
 *(.fini3)
 *(.fini2)
 *(.fini2)
 *(.fini1)
 *(.fini1)
 *(.fini0)
 .fini0         0x00002f1e        0x4 c:/program files (x86)/atmel/studio/7.0/toolchain/avr8/avr8-gnu-toolchain/bin/../lib/gcc/avr/5.4.0/avr5\libgcc.a(_exit.o)
 *(.fini0)
                0x00002f22                _etext = .

.data           0x00800100       0xc4 load address 0x00002f22
                0x00800100                PROVIDE (__data_start, .)
 *(.data)
 *(.data*)
 *(.gnu.linkonce.d*)
 *(.rodata)
 .rodata        0x00800100       0x12 SH1106_OLED/SH1106.o
 *(.rodata*)
 .rodata.str1.1
                0x00800112       0x20 main.o
 .rodata.str1.1
                0x00800132       0x92 MCP7940M_RTCC/MCP7940M.o
                                 0x93 (size before relaxing)
 *(.gnu.linkonce.r*)
                0x008001c4                . = ALIGN (0x2)
                0x008001c4                _edata = .
                0x008001c4                PROVIDE (__data_end, .)

.bss            0x008001c4      0x41f
                0x008001c4                PROVIDE (__bss_start, .)
 *(.bss)
 *(.bss*)
 .bss.tempSec.1917
                0x008001c4        0x3 MCP7940M_RTCC/MCP7940M.o
 .bss.tempMin.1912
                0x008001c7        0x3 MCP7940M_RTCC/MCP7940M.o
 .bss.tempHour.1907
                0x008001ca        0x3 MCP7940M_RTCC/MCP7940M.o
 .bss.clockTicks
                0x008001cd        0x4 timer0_1ms_interrupts/timer0_1ms_interrupts.o
 *(COMMON)
 COMMON         0x008001d1        0xc ADXL343_accelerometer/ADXL343.o
                0x008001d1                adxl_axis_readings
 COMMON         0x008001dd      0x400 main.o
                0x008001dd                OLED_BUFFER
 COMMON         0x008005dd        0x6 MCP7940M_RTCC/MCP7940M.o
                0x008005dd                RTC_TIME
                0x008005e3                PROVIDE (__bss_end, .)
                0x00002f22                __data_load_start = LOADADDR (.data)
                0x00002fe6                __data_load_end = (__data_load_start + SIZEOF (.data))

.noinit         0x008005e3        0x0
                [!provide]                PROVIDE (__noinit_start, .)
 *(.noinit*)
                [!provide]                PROVIDE (__noinit_end, .)
                0x008005e3                _end = .
                [!provide]                PROVIDE (__heap_start, .)

.eeprom         0x00810000        0x0
 *(.eeprom*)
                0x00810000                __eeprom_end = .

.fuse
 *(.fuse)
 *(.lfuse)
 *(.hfuse)
 *(.efuse)

.lock
 *(.lock*)

.signature
 *(.signature*)

.user_signatures
 *(.user_signatures*)

.stab
 *(.stab)

.stabstr
 *(.stabstr)

.stab.excl
 *(.stab.excl)

.stab.exclstr
 *(.stab.exclstr)

.stab.index
 *(.stab.index)

.stab.indexstr
 *(.stab.indexstr)

.comment        0x00000000       0x5c
 *(.comment)
 .comment       0x00000000       0x30 ADXL343_accelerometer/ADXL343.o
                                 0x31 (size before relaxing)
 .comment       0x00000030       0x31 Atmega328p_SPI/Atmega328p_SPI.o
 .comment       0x00000030       0x31 Atmega328p_USART/Atmega328p_USART.o
 .comment       0x00000030       0x31 main.o
 .comment       0x00000030       0x31 MCP7940M_RTCC/MCP7940M.o
 .comment       0x00000030       0x31 pFleury_i2c_stuff/twimastertimeout.o
 .comment       0x00000030       0x31 SH1106_OLED/SH1106.o
 .comment       0x00000030       0x31 timer0_1ms_interrupts/timer0_1ms_interrupts.o
 .comment       0x00000030       0x31 c:/program files (x86)/atmel/studio/7.0/toolchain/avr8/avr8-gnu-toolchain/bin/../lib/gcc/avr/5.4.0/../../../../avr/lib/avr5\libc.a(snprintf.o)
 .comment       0x00000030       0x2c c:/program files (x86)/atmel/studio/7.0/toolchain/avr8/avr8-gnu-toolchain/bin/../lib/gcc/avr/5.4.0/../../../../avr/lib/avr5\libc.a(vfprintf_std.o)
                                 0x2d (size before relaxing)
 .comment       0x0000005c       0x31 c:/program files (x86)/atmel/studio/7.0/toolchain/avr8/avr8-gnu-toolchain/bin/../lib/gcc/avr/5.4.0/../../../../avr/lib/avr5\libc.a(fputc.o)

.note.gnu.avr.deviceinfo
                0x00000000       0x40
 .note.gnu.avr.deviceinfo
                0x00000000       0x40 C:/Program Files (x86)/Atmel/Studio/7.0/Packs/atmel/ATmega_DFP/1.7.374/gcc/dev/atmega328p/avr5/crtatmega328p.o

.note.gnu.build-id
 *(.note.gnu.build-id)

.debug
 *(.debug)

.line
 *(.line)

.debug_srcinfo
 *(.debug_srcinfo)

.debug_sfnames
 *(.debug_sfnames)

.debug_aranges  0x00000000      0x380
 *(.debug_aranges)
 .debug_aranges
                0x00000000       0x58 ADXL343_accelerometer/ADXL343.o
 .debug_aranges
                0x00000058       0x50 Atmega328p_SPI/Atmega328p_SPI.o
 .debug_aranges
                0x000000a8       0x38 Atmega328p_USART/Atmega328p_USART.o
 .debug_aranges
                0x000000e0       0x48 main.o
 .debug_aranges
                0x00000128       0xf0 MCP7940M_RTCC/MCP7940M.o
 .debug_aranges
                0x00000218       0x58 pFleury_i2c_stuff/twimastertimeout.o
 .debug_aranges
                0x00000270       0xe0 SH1106_OLED/SH1106.o
 .debug_aranges
                0x00000350       0x30 timer0_1ms_interrupts/timer0_1ms_interrupts.o

.debug_pubnames
 *(.debug_pubnames)

.debug_info     0x00000000     0x4a69
 *(.debug_info .gnu.linkonce.wi.*)
 .debug_info    0x00000000      0x5f4 C:/Program Files (x86)/Atmel/Studio/7.0/Packs/atmel/ATmega_DFP/1.7.374/gcc/dev/atmega328p/avr5/crtatmega328p.o
 .debug_info    0x000005f4      0x459 ADXL343_accelerometer/ADXL343.o
 .debug_info    0x00000a4d      0x228 Atmega328p_SPI/Atmega328p_SPI.o
 .debug_info    0x00000c75      0x117 Atmega328p_USART/Atmega328p_USART.o
 .debug_info    0x00000d8c      0x843 main.o
 .debug_info    0x000015cf      0x957 MCP7940M_RTCC/MCP7940M.o
 .debug_info    0x00001f26      0x22d pFleury_i2c_stuff/twimastertimeout.o
 .debug_info    0x00002153     0x280d SH1106_OLED/SH1106.o
 .debug_info    0x00004960      0x109 timer0_1ms_interrupts/timer0_1ms_interrupts.o

.debug_abbrev   0x00000000     0x10a3
 *(.debug_abbrev)
 .debug_abbrev  0x00000000      0x5a2 C:/Program Files (x86)/Atmel/Studio/7.0/Packs/atmel/ATmega_DFP/1.7.374/gcc/dev/atmega328p/avr5/crtatmega328p.o
 .debug_abbrev  0x000005a2      0x13c ADXL343_accelerometer/ADXL343.o
 .debug_abbrev  0x000006de      0x128 Atmega328p_SPI/Atmega328p_SPI.o
 .debug_abbrev  0x00000806       0xe5 Atmega328p_USART/Atmega328p_USART.o
 .debug_abbrev  0x000008eb      0x156 main.o
 .debug_abbrev  0x00000a41      0x23f MCP7940M_RTCC/MCP7940M.o
 .debug_abbrev  0x00000c80      0x11b pFleury_i2c_stuff/twimastertimeout.o
 .debug_abbrev  0x00000d9b      0x262 SH1106_OLED/SH1106.o
 .debug_abbrev  0x00000ffd       0xa6 timer0_1ms_interrupts/timer0_1ms_interrupts.o

.debug_line     0x00000000     0x2241
 *(.debug_line .debug_line.* .debug_line_end)
 .debug_line    0x00000000      0x134 C:/Program Files (x86)/Atmel/Studio/7.0/Packs/atmel/ATmega_DFP/1.7.374/gcc/dev/atmega328p/avr5/crtatmega328p.o
 .debug_line    0x00000134      0x2b0 ADXL343_accelerometer/ADXL343.o
 .debug_line    0x000003e4      0x21d Atmega328p_SPI/Atmega328p_SPI.o
 .debug_line    0x00000601      0x146 Atmega328p_USART/Atmega328p_USART.o
 .debug_line    0x00000747      0x41d main.o
 .debug_line    0x00000b64      0x5dc MCP7940M_RTCC/MCP7940M.o
 .debug_line    0x00001140      0x3cc pFleury_i2c_stuff/twimastertimeout.o
 .debug_line    0x0000150c      0xbfa SH1106_OLED/SH1106.o
 .debug_line    0x00002106      0x13b timer0_1ms_interrupts/timer0_1ms_interrupts.o

.debug_frame    0x00000000      0xbe4
 *(.debug_frame)
 .debug_frame   0x00000000      0x124 ADXL343_accelerometer/ADXL343.o
 .debug_frame   0x00000124       0xa0 Atmega328p_SPI/Atmega328p_SPI.o
 .debug_frame   0x000001c4       0x74 Atmega328p_USART/Atmega328p_USART.o
 .debug_frame   0x00000238      0x124 main.o
 .debug_frame   0x0000035c      0x2ec MCP7940M_RTCC/MCP7940M.o
 .debug_frame   0x00000648       0xac pFleury_i2c_stuff/twimastertimeout.o
 .debug_frame   0x000006f4      0x484 SH1106_OLED/SH1106.o
 .debug_frame   0x00000b78       0x6c timer0_1ms_interrupts/timer0_1ms_interrupts.o

.debug_str      0x00000000     0x1333
 *(.debug_str)
 .debug_str     0x00000000      0x208 C:/Program Files (x86)/Atmel/Studio/7.0/Packs/atmel/ATmega_DFP/1.7.374/gcc/dev/atmega328p/avr5/crtatmega328p.o
 .debug_str     0x00000208      0x278 ADXL343_accelerometer/ADXL343.o
                                0x2b9 (size before relaxing)
 .debug_str     0x00000480       0xd0 Atmega328p_SPI/Atmega328p_SPI.o
                                0x224 (size before relaxing)
 .debug_str     0x00000550       0x6d Atmega328p_USART/Atmega328p_USART.o
                                0x1cd (size before relaxing)
 .debug_str     0x000005bd      0x24e main.o
                                0x45a (size before relaxing)
 .debug_str     0x0000080b      0x2d2 MCP7940M_RTCC/MCP7940M.o
                                0x4f8 (size before relaxing)
 .debug_str     0x00000add       0x3f pFleury_i2c_stuff/twimastertimeout.o
                                0x1f7 (size before relaxing)
 .debug_str     0x00000b1c      0x7b6 SH1106_OLED/SH1106.o
                                0xa4e (size before relaxing)
 .debug_str     0x000012d2       0x61 timer0_1ms_interrupts/timer0_1ms_interrupts.o
                                0x1e6 (size before relaxing)

.debug_loc      0x00000000     0x3a19
 *(.debug_loc)
 .debug_loc     0x00000000      0x311 ADXL343_accelerometer/ADXL343.o
 .debug_loc     0x00000311      0x17b Atmega328p_SPI/Atmega328p_SPI.o
 .debug_loc     0x0000048c       0xd2 Atmega328p_USART/Atmega328p_USART.o
 .debug_loc     0x0000055e      0x4e8 main.o
 .debug_loc     0x00000a46      0x8e6 MCP7940M_RTCC/MCP7940M.o
 .debug_loc     0x0000132c      0x5a0 pFleury_i2c_stuff/twimastertimeout.o
 .debug_loc     0x000018cc     0x20b5 SH1106_OLED/SH1106.o
 .debug_loc     0x00003981       0x98 timer0_1ms_interrupts/timer0_1ms_interrupts.o

.debug_macinfo
 *(.debug_macinfo)

.debug_weaknames
 *(.debug_weaknames)

.debug_funcnames
 *(.debug_funcnames)

.debug_typenames
 *(.debug_typenames)

.debug_varnames
 *(.debug_varnames)

.debug_pubtypes
 *(.debug_pubtypes)

.debug_ranges   0x00000000      0x3d8
 *(.debug_ranges)
 .debug_ranges  0x00000000       0x48 ADXL343_accelerometer/ADXL343.o
 .debug_ranges  0x00000048       0x40 Atmega328p_SPI/Atmega328p_SPI.o
 .debug_ranges  0x00000088       0x28 Atmega328p_USART/Atmega328p_USART.o
 .debug_ranges  0x000000b0       0x38 main.o
 .debug_ranges  0x000000e8       0xe0 MCP7940M_RTCC/MCP7940M.o
 .debug_ranges  0x000001c8       0x48 pFleury_i2c_stuff/twimastertimeout.o
 .debug_ranges  0x00000210      0x1a8 SH1106_OLED/SH1106.o
 .debug_ranges  0x000003b8       0x20 timer0_1ms_interrupts/timer0_1ms_interrupts.o

.debug_macro
 *(.debug_macro)
OUTPUT(Roll_Clock.elf elf32-avr)
LOAD linker stubs
